<area shape="rect" href="$modules_8h.html" title="modules.h" alt="" coords="851,84,939,111">
<area shape="rect" href="$decision__engine_8c.html" title="Decision Engine for honeybrid." alt="" coords="428,393,561,420">
<area shape="rect" href="$honeybrid_8c.html" title="Main File." alt="" coords="585,393,681,420">
<area shape="rect" href="$netcode_8c.html" title="Network functions file." alt="" coords="1427,393,1509,420">
<area shape="rect" href="$tables_8c.html" title="Information tables file." alt="" coords="1331,393,1403,420">
<area shape="rect" href="$log_8c.html" title="Log function for honeybrid." alt="" coords="1443,316,1493,343">
<area shape="rect" href="$pcap__tool_8c.html" title="Pcap function to record communications." alt="" coords="1517,316,1611,343">
<area shape="rect" href="$modules_8c.html" title="modules.c" alt="" coords="1392,161,1480,188">
<area shape="rect" href="$types_8h.html" title="types.h" alt="" coords="959,161,1025,188">
<area shape="rect" href="$mod__control_8c.html" title="Source IP based control engine to rate limit high interaction honeypot." alt="" coords="1072,393,1184,420">
<area shape="rect" href="$mod__hash_8c.html" title="SHA 1 Module for honeybrid Decision Engine." alt="" coords="1208,393,1307,420">
<area shape="rect" href="$mod__random_8c.html" title="RANDOM module for honeybrid Decision Engine." alt="" coords="795,393,912,420">
<area shape="rect" href="$mod__source_8c.html" title="Source IP based filtering Module for honeybrid Decision Engine." alt="" coords="936,393,1048,420">
<area shape="rect" href="$mod__counter_8c.html" title="Packet counter Module for honeybrid Decision Engine." alt="" coords="245,316,360,343">
<area shape="rect" href="$mod__yesno_8c.html" title="mod_yesno.c" alt="" coords="384,316,491,343">
<area shape="rect" href="$tables_8h.html" title="tables.h" alt="" coords="956,239,1028,265">
<area shape="rect" href="$rules_8c.html" title="rules.c" alt="" coords="707,393,771,420">
<area shape="rect" href="$netcode_8h.html" title="netcode.h" alt="" coords="1029,316,1115,343">
<area shape="rect" href="$decision__engine_8h.html" title="decision_engine.h" alt="" coords="565,316,701,343">
