<area shape="rect" href="$types_8h.html" title="types.h" alt="" coords="727,84,793,111">
<area shape="rect" href="$decision__engine_8c.html" title="Decision Engine for honeybrid." alt="" coords="797,316,931,343">
<area shape="rect" href="$honeybrid_8c.html" title="Main File." alt="" coords="667,316,763,343">
<area shape="rect" href="$mod__control_8c.html" title="Source IP based control engine to rate limit high interaction honeypot." alt="" coords="5,316,117,343">
<area shape="rect" href="$mod__hash_8c.html" title="SHA 1 Module for honeybrid Decision Engine." alt="" coords="141,316,240,343">
<area shape="rect" href="$mod__random_8c.html" title="RANDOM module for honeybrid Decision Engine." alt="" coords="264,316,381,343">
<area shape="rect" href="$mod__source_8c.html" title="Source IP based filtering Module for honeybrid Decision Engine." alt="" coords="1072,316,1184,343">
<area shape="rect" href="$mod__counter_8c.html" title="Packet counter Module for honeybrid Decision Engine." alt="" coords="1135,239,1249,265">
<area shape="rect" href="$mod__yesno_8c.html" title="mod_yesno.c" alt="" coords="1273,239,1380,265">
<area shape="rect" href="$modules_8c.html" title="modules.c" alt="" coords="1556,84,1644,111">
<area shape="rect" href="$tables_8h.html" title="tables.h" alt="" coords="724,161,796,188">
<area shape="rect" href="$rules_8c.html" title="rules.c" alt="" coords="984,316,1048,343">
<area shape="rect" href="$netcode_8h.html" title="netcode.h" alt="" coords="319,239,404,265">
<area shape="rect" href="$decision__engine_8h.html" title="decision_engine.h" alt="" coords="873,239,1009,265">
<area shape="rect" href="$netcode_8c.html" title="Network functions file." alt="" coords="540,316,623,343">
<area shape="rect" href="$tables_8c.html" title="Information tables file." alt="" coords="405,316,477,343">
<area shape="rect" href="$log_8c.html" title="Log function for honeybrid." alt="" coords="529,239,580,265">
<area shape="rect" href="$pcap__tool_8c.html" title="Pcap function to record communications." alt="" coords="604,239,697,265">
