<area shape="rect" href="$decision__engine_8c.html" title="Decision Engine for honeybrid." alt="" coords="5,84,139,111">
<area shape="rect" href="$honeybrid_8c.html" title="Main File." alt="" coords="163,84,259,111">
<area shape="rect" href="$mod__control_8c.html" title="Source IP based control engine to rate limit high interaction honeypot." alt="" coords="283,84,395,111">
<area shape="rect" href="$mod__hash_8c.html" title="SHA 1 Module for honeybrid Decision Engine." alt="" coords="419,84,517,111">
<area shape="rect" href="$mod__random_8c.html" title="RANDOM module for honeybrid Decision Engine." alt="" coords="541,84,659,111">
<area shape="rect" href="$mod__source_8c.html" title="Source IP based filtering Module for honeybrid Decision Engine." alt="" coords="683,84,795,111">
<area shape="rect" href="$netcode_8c.html" title="Network functions file." alt="" coords="819,84,901,111">
<area shape="rect" href="$tables_8c.html" title="Information tables file." alt="" coords="925,84,997,111">
