<area shape="rect" href="$decision__engine_8h.html" title="decision_engine.h" alt="" coords="56,161,192,188">
<area shape="rect" href="$decision__engine_8c.html" title="Decision Engine for honeybrid." alt="" coords="301,316,435,343">
<area shape="rect" href="$honeybrid_8c.html" title="Main File." alt="" coords="128,316,224,343">
<area shape="rect" href="$rules_8c.html" title="rules.c" alt="" coords="212,239,276,265">
<area shape="rect" href="$modules_8h.html" title="modules.h" alt="" coords="641,84,729,111">
<area shape="rect" href="$netcode_8h.html" title="netcode.h" alt="" coords="781,239,867,265">
<area shape="rect" href="$mod__control_8c.html" title="Source IP based control engine to rate limit high interaction honeypot." alt="" coords="565,316,677,343">
<area shape="rect" href="$mod__hash_8c.html" title="SHA 1 Module for honeybrid Decision Engine." alt="" coords="701,316,800,343">
<area shape="rect" href="$mod__random_8c.html" title="RANDOM module for honeybrid Decision Engine." alt="" coords="832,316,949,343">
<area shape="rect" href="$mod__source_8c.html" title="Source IP based filtering Module for honeybrid Decision Engine." alt="" coords="973,316,1085,343">
<area shape="rect" href="$netcode_8c.html" title="Network functions file." alt="" coords="1205,316,1288,343">
<area shape="rect" href="$tables_8c.html" title="Information tables file." alt="" coords="1415,316,1487,343">
<area shape="rect" href="$mod__counter_8c.html" title="Packet counter Module for honeybrid Decision Engine." alt="" coords="824,161,939,188">
<area shape="rect" href="$mod__yesno_8c.html" title="mod_yesno.c" alt="" coords="963,161,1069,188">
<area shape="rect" href="$log_8c.html" title="Log function for honeybrid." alt="" coords="1347,84,1397,111">
<area shape="rect" href="$pcap__tool_8c.html" title="Pcap function to record communications." alt="" coords="1421,84,1515,111">
<area shape="rect" href="$types_8h.html" title="types.h" alt="" coords="317,161,384,188">
<area shape="rect" href="$modules_8c.html" title="modules.c" alt="" coords="509,161,597,188">
